error: Too few arguments
try './example_plus.sh --help' for more explanation
