error: Wrong number of arguments
try './example_1.sh --help' for more explanation
