error: Too few arguments
try './example_star.sh --help' for more explanation
