error: Too few arguments
try './exemple_star.sh --help' for more explanation
