error: Too few arguments
try './exemple_plus.sh --help' for more explanation
