error: Wrong number of arguments
try './exemple_1.sh --help' for more explanation
